../Core/Src/main.c:99:5:main	8	static
../Core/Src/main.c:169:6:SystemClock_Config	88	static
../Core/Src/main.c:216:13:MX_TIM1_Init	96	static
../Core/Src/main.c:295:13:MX_TIM2_Init	48	static
../Core/Src/main.c:353:13:MX_TIM3_Init	56	static
../Core/Src/main.c:402:13:MX_USART2_UART_Init	8	static
../Core/Src/main.c:433:13:MX_DMA_Init	16	static
../Core/Src/main.c:451:13:MX_GPIO_Init	48	static
../Core/Src/main.c:481:6:QEIEncoderPosition	16	static
../Core/Src/main.c:510:6:PIDcontroller	24	static
../Core/Src/main.c:518:6:Drivemotor	4	static
../Core/Src/main.c:540:6:Error_Handler	4	static,ignoring_inline_asm
