../Drivers/CMSIS/Include/core_cm4.h:2064:26:ITM_SendChar	16	static,ignoring_inline_asm
../Core/Src/main.c:107:5:main	24	static
../Core/Src/main.c:188:6:SystemClock_Config	88	static
../Core/Src/main.c:235:13:MX_TIM1_Init	96	static
../Core/Src/main.c:310:13:MX_TIM2_Init	48	static
../Core/Src/main.c:368:13:MX_TIM3_Init	56	static
../Core/Src/main.c:417:13:MX_USART2_UART_Init	8	static
../Core/Src/main.c:448:13:MX_DMA_Init	16	static
../Core/Src/main.c:466:13:MX_GPIO_Init	48	static
../Core/Src/main.c:496:5:_write	32	static
../Core/Src/main.c:568:6:Error_Handler	4	static,ignoring_inline_asm
